// **************************************************************************
// RealmObjectGenerator
// **************************************************************************

class Foo extends _Foo
    with RealmEntityMixin, RealmObjectBaseMixin, RealmObjectMixin {
  Foo({
    int x = 0,
  }) {
    _xProperty.setValue(this, x);
  }

  Foo._();

  static const _xProperty = ValueProperty<int>(
    'x',
    RealmPropertyType.int,
    defaultValue: 0,
  );
  @override
  int get x => _xProperty.getValue(this);
  @override
  set x(int value) => _xProperty.setValue(this, value);

  @override
  Stream<RealmObjectChanges<Foo>> get changes =>
      RealmObjectBaseMixin.getChanges(this);

  static const schema = SchemaObject<Foo>(
    Foo._,
    'Foo',
    {
      'x': _xProperty,
    },
  );
  @override
  SchemaObject get instanceSchema => schema;
}
