// **************************************************************************
// RealmObjectGenerator
// **************************************************************************

class Person extends _Person 
  with RealmEntityMixin, RealmObjectMixin<Person> {
  Person(
    String name,
  ) {
    _nameProperty.setValue(this, name);
  }

  Person._();

  static const _nameProperty = ValueProperty<String>(
    'name',
    RealmPropertyType.string,
    primaryKey: true,
  );
  @override
  String get name => _nameProperty.getValue(this);
  @override
  set name(String value) => _nameProperty.setValue(this, value);

  static const schema = SchemaObject<Person>(
    Person._,
    'Person',
    {
      'name': _nameProperty,
    },
    _nameProperty,
  );
  @override
  SchemaObject get instanceSchema => schema;
}
