// **************************************************************************
// RealmObjectGenerator
// **************************************************************************

class Person extends _Person 
  with RealmEntityMixin, RealmObjectMixin<Person>
  implements RealmObject<Person> {
  Person({
    int age = 47,
  }) {
    _ageProperty.setInitialValue(this, age);
  }

  Person._();

  static const _ageProperty = ValueProperty<int>(
    'age',
    RealmPropertyType.int,
    defaultValue: 47,
  );
  @override
  int get age => _ageProperty.getValue(this);
  @override
  set age(int value) => _ageProperty.setValue(this, value);

  static const schema = SchemaObject<Person>(
    Person._,
    'Person',
    {
      'age': _ageProperty,
    },
  );
  @override
  SchemaObject get instanceSchema => schema;
}
